src/lib/events/__tests__/buildEventGesture.test.ts(4,1): error TS2582: Cannot find name 'describe'. Do you need to install type definitions for a test runner? Try `npm i --save-dev @types/jest` or `npm i --save-dev @types/mocha`.
src/lib/events/__tests__/buildEventGesture.test.ts(5,3): error TS2582: Cannot find name 'it'. Do you need to install type definitions for a test runner? Try `npm i --save-dev @types/jest` or `npm i --save-dev @types/mocha`.
src/lib/events/__tests__/buildEventGesture.test.ts(14,5): error TS2304: Cannot find name 'expect'.
src/lib/events/__tests__/buildEventGesture.test.ts(15,5): error TS2304: Cannot find name 'expect'.
src/lib/events/__tests__/buildEventGesture.test.ts(16,5): error TS2304: Cannot find name 'expect'.
src/lib/events/__tests__/buildEventGesture.test.ts(17,5): error TS2304: Cannot find name 'expect'.
src/lib/events/__tests__/buildEventGesture.test.ts(20,3): error TS2582: Cannot find name 'it'. Do you need to install type definitions for a test runner? Try `npm i --save-dev @types/jest` or `npm i --save-dev @types/mocha`.
src/lib/events/__tests__/buildEventGesture.test.ts(35,5): error TS2304: Cannot find name 'expect'.
src/lib/events/__tests__/buildEventGesture.test.ts(41,3): error TS2582: Cannot find name 'it'. Do you need to install type definitions for a test runner? Try `npm i --save-dev @types/jest` or `npm i --save-dev @types/mocha`.
src/lib/events/__tests__/buildEventGesture.test.ts(52,5): error TS2304: Cannot find name 'expect'.
src/lib/events/__tests__/buildEventGesture.test.ts(57,5): error TS2304: Cannot find name 'expect'.
src/lib/events/__tests__/buildEventGesture.test.ts(60,3): error TS2582: Cannot find name 'it'. Do you need to install type definitions for a test runner? Try `npm i --save-dev @types/jest` or `npm i --save-dev @types/mocha`.
src/lib/events/__tests__/buildEventGesture.test.ts(61,5): error TS2304: Cannot find name 'expect'.
src/lib/events/__tests__/buildEventGesture.test.ts(72,3): error TS2582: Cannot find name 'it'. Do you need to install type definitions for a test runner? Try `npm i --save-dev @types/jest` or `npm i --save-dev @types/mocha`.
src/lib/events/__tests__/buildEventGesture.test.ts(83,5): error TS2304: Cannot find name 'expect'.
src/lib/events/__tests__/buildEventGesture.test.ts(88,5): error TS2304: Cannot find name 'expect'.
src/lib/events/__tests__/buildEventGesture.test.ts(96,3): error TS2582: Cannot find name 'it'. Do you need to install type definitions for a test runner? Try `npm i --save-dev @types/jest` or `npm i --save-dev @types/mocha`.
src/lib/events/__tests__/buildEventGesture.test.ts(107,5): error TS2304: Cannot find name 'expect'.
src/lib/events/__tests__/validators.test.ts(7,1): error TS2582: Cannot find name 'describe'. Do you need to install type definitions for a test runner? Try `npm i --save-dev @types/jest` or `npm i --save-dev @types/mocha`.
src/lib/events/__tests__/validators.test.ts(8,3): error TS2582: Cannot find name 'it'. Do you need to install type definitions for a test runner? Try `npm i --save-dev @types/jest` or `npm i --save-dev @types/mocha`.
src/lib/events/__tests__/validators.test.ts(15,5): error TS2304: Cannot find name 'expect'.
src/lib/events/__tests__/validators.test.ts(18,3): error TS2582: Cannot find name 'it'. Do you need to install type definitions for a test runner? Try `npm i --save-dev @types/jest` or `npm i --save-dev @types/mocha`.
src/lib/events/__tests__/validators.test.ts(28,5): error TS2304: Cannot find name 'expect'.
src/lib/events/__tests__/validators.test.ts(31,3): error TS2582: Cannot find name 'it'. Do you need to install type definitions for a test runner? Try `npm i --save-dev @types/jest` or `npm i --save-dev @types/mocha`.
src/lib/events/__tests__/validators.test.ts(39,5): error TS2304: Cannot find name 'expect'.
src/lib/events/__tests__/validators.test.ts(42,3): error TS2582: Cannot find name 'it'. Do you need to install type definitions for a test runner? Try `npm i --save-dev @types/jest` or `npm i --save-dev @types/mocha`.
src/lib/events/__tests__/validators.test.ts(51,5): error TS2304: Cannot find name 'expect'.
src/lib/events/__tests__/validators.test.ts(54,3): error TS2582: Cannot find name 'it'. Do you need to install type definitions for a test runner? Try `npm i --save-dev @types/jest` or `npm i --save-dev @types/mocha`.
src/lib/events/__tests__/validators.test.ts(55,5): error TS2304: Cannot find name 'expect'.
src/pages/Agenda.tsx(201,27): error TS2550: Property 'replaceAll' does not exist on type 'string'. Do you need to change your target library? Try changing the 'lib' compiler option to 'es2021' or later.
src/pages/Agenda.tsx(266,33): error TS2550: Property 'replaceAll' does not exist on type 'string'. Do you need to change your target library? Try changing the 'lib' compiler option to 'es2021' or later.
src/pages/Agenda.tsx(388,64): error TS2550: Property 'replaceAll' does not exist on type 'string'. Do you need to change your target library? Try changing the 'lib' compiler option to 'es2021' or later.
src/pages/AnimalDetalhe.tsx(416,47): error TS2339: Property 'diagnostico_resultado' does not exist on type 'Record<string, unknown> | ReproductionEventPayloadV1'.
  Property 'diagnostico_resultado' does not exist on type 'ReproductionEventPayloadV1'.
src/pages/AnimalDetalhe.tsx(417,72): error TS2339: Property 'diagnostico_resultado' does not exist on type 'Record<string, unknown> | ReproductionEventPayloadV1'.
  Property 'diagnostico_resultado' does not exist on type 'ReproductionEventPayloadV1'.
src/pages/ReproductionDashboard.tsx(6,30): error TS2459: Module '"@/lib/reproduction/status"' declares 'ReproStatus' locally, but it is not exported.
src/pages/ReproductionDashboard.tsx(85,40): error TS2367: This comparison appears to be unintentional because the types 'ReproStatus' and '"PARIDA"' have no overlap.
src/pages/ReproductionDashboard.tsx(86,42): error TS2367: This comparison appears to be unintentional because the types 'ReproStatus' and '"LACTANTE"' have no overlap.
src/pages/ReproductionDashboard.tsx(87,40): error TS2367: This comparison appears to be unintentional because the types 'ReproStatus' and '"ABERTA"' have no overlap.
src/pages/ReproductionDashboard.tsx(87,77): error TS2367: This comparison appears to be unintentional because the types 'ReproStatus' and '"DIAGNOSTICO_PENDENTE"' have no overlap.
src/pages/ReproductionDashboard.tsx(244,44): error TS2339: Property 'daysSinceServico' does not exist on type 'AnimalReproStatus'.
src/pages/ReproductionDashboard.tsx(244,85): error TS2339: Property 'daysSinceServico' does not exist on type 'AnimalReproStatus'.
src/pages/ReproductionDashboard.tsx(245,44): error TS2339: Property 'daysSinceParto' does not exist on type 'AnimalReproStatus'.
src/pages/ReproductionDashboard.tsx(245,83): error TS2339: Property 'daysSinceParto' does not exist on type 'AnimalReproStatus'.
